// Jest Snapshot v1, https://goo.gl/fbAQLP

exports[`should render <Ajora/> and compare with snapshot 1`] = `
<KeyboardProvider>
  <View
    style={
      {
        "flex": 1,
      }
    }
  >
    <View
      onLayout={[Function]}
      style={
        [
          {
            "flex": 1,
          },
          {
            "overflow": "hidden",
          },
        ]
      }
      testID="GC_WRAPPER"
    />
  </View>
</KeyboardProvider>
`;
